Archive member included to satisfy reference by file (symbol)

d:/programs_setup_files/stm32cubeide_1.4.0/stm32cubeide/plugins/com.st.stm32cube.ide.mcu.externaltools.gnu-tools-for-stm32.7-2018-q2-update.win32_1.4.0.202007081208/tools/bin/../lib/gcc/arm-none-eabi/7.3.1/../../../../arm-none-eabi/lib/thumb/v7-m\libc_nano.a(lib_a-errno.o)
                              Core/Src/syscalls.o (__errno)
d:/programs_setup_files/stm32cubeide_1.4.0/stm32cubeide/plugins/com.st.stm32cube.ide.mcu.externaltools.gnu-tools-for-stm32.7-2018-q2-update.win32_1.4.0.202007081208/tools/bin/../lib/gcc/arm-none-eabi/7.3.1/../../../../arm-none-eabi/lib/thumb/v7-m\libc_nano.a(lib_a-exit.o)
                              d:/programs_setup_files/stm32cubeide_1.4.0/stm32cubeide/plugins/com.st.stm32cube.ide.mcu.externaltools.gnu-tools-for-stm32.7-2018-q2-update.win32_1.4.0.202007081208/tools/bin/../lib/gcc/arm-none-eabi/7.3.1/../../../../arm-none-eabi/lib/thumb/v7-m/crt0.o (exit)
d:/programs_setup_files/stm32cubeide_1.4.0/stm32cubeide/plugins/com.st.stm32cube.ide.mcu.externaltools.gnu-tools-for-stm32.7-2018-q2-update.win32_1.4.0.202007081208/tools/bin/../lib/gcc/arm-none-eabi/7.3.1/../../../../arm-none-eabi/lib/thumb/v7-m\libc_nano.a(lib_a-impure.o)
                              d:/programs_setup_files/stm32cubeide_1.4.0/stm32cubeide/plugins/com.st.stm32cube.ide.mcu.externaltools.gnu-tools-for-stm32.7-2018-q2-update.win32_1.4.0.202007081208/tools/bin/../lib/gcc/arm-none-eabi/7.3.1/../../../../arm-none-eabi/lib/thumb/v7-m\libc_nano.a(lib_a-exit.o) (_global_impure_ptr)
d:/programs_setup_files/stm32cubeide_1.4.0/stm32cubeide/plugins/com.st.stm32cube.ide.mcu.externaltools.gnu-tools-for-stm32.7-2018-q2-update.win32_1.4.0.202007081208/tools/bin/../lib/gcc/arm-none-eabi/7.3.1/../../../../arm-none-eabi/lib/thumb/v7-m\libc_nano.a(lib_a-init.o)
                              d:/programs_setup_files/stm32cubeide_1.4.0/stm32cubeide/plugins/com.st.stm32cube.ide.mcu.externaltools.gnu-tools-for-stm32.7-2018-q2-update.win32_1.4.0.202007081208/tools/bin/../lib/gcc/arm-none-eabi/7.3.1/../../../../arm-none-eabi/lib/thumb/v7-m/crt0.o (__libc_init_array)
d:/programs_setup_files/stm32cubeide_1.4.0/stm32cubeide/plugins/com.st.stm32cube.ide.mcu.externaltools.gnu-tools-for-stm32.7-2018-q2-update.win32_1.4.0.202007081208/tools/bin/../lib/gcc/arm-none-eabi/7.3.1/../../../../arm-none-eabi/lib/thumb/v7-m\libc_nano.a(lib_a-memset.o)
                              d:/programs_setup_files/stm32cubeide_1.4.0/stm32cubeide/plugins/com.st.stm32cube.ide.mcu.externaltools.gnu-tools-for-stm32.7-2018-q2-update.win32_1.4.0.202007081208/tools/bin/../lib/gcc/arm-none-eabi/7.3.1/../../../../arm-none-eabi/lib/thumb/v7-m/crt0.o (memset)
d:/programs_setup_files/stm32cubeide_1.4.0/stm32cubeide/plugins/com.st.stm32cube.ide.mcu.externaltools.gnu-tools-for-stm32.7-2018-q2-update.win32_1.4.0.202007081208/tools/bin/../lib/gcc/arm-none-eabi/7.3.1/thumb/v7-m\libgcc.a(_arm_addsubsf3.o)
                              Core/Src/SYSTICK_program.o (__aeabi_fsub)
d:/programs_setup_files/stm32cubeide_1.4.0/stm32cubeide/plugins/com.st.stm32cube.ide.mcu.externaltools.gnu-tools-for-stm32.7-2018-q2-update.win32_1.4.0.202007081208/tools/bin/../lib/gcc/arm-none-eabi/7.3.1/thumb/v7-m\libgcc.a(_arm_muldivsf3.o)
                              Core/Src/USART_program.o (__aeabi_fmul)
d:/programs_setup_files/stm32cubeide_1.4.0/stm32cubeide/plugins/com.st.stm32cube.ide.mcu.externaltools.gnu-tools-for-stm32.7-2018-q2-update.win32_1.4.0.202007081208/tools/bin/../lib/gcc/arm-none-eabi/7.3.1/thumb/v7-m\libgcc.a(_arm_cmpsf2.o)
                              Core/Src/SYSTICK_program.o (__aeabi_fcmpge)
d:/programs_setup_files/stm32cubeide_1.4.0/stm32cubeide/plugins/com.st.stm32cube.ide.mcu.externaltools.gnu-tools-for-stm32.7-2018-q2-update.win32_1.4.0.202007081208/tools/bin/../lib/gcc/arm-none-eabi/7.3.1/thumb/v7-m\libgcc.a(_arm_fixsfsi.o)
                              Core/Src/USART_program.o (__aeabi_f2iz)

Allocating common symbols
Common symbol       size              file

DMA_CallBackChannel3
                    0x4               Core/Src/DMA_program.o
DMA_CallBackChannel5
                    0x4               Core/Src/DMA_program.o
uwTick              0x4               Drivers/STM32F1xx_HAL_Driver/Src/stm32f1xx_hal.o
pFlash              0x20              Drivers/STM32F1xx_HAL_Driver/Src/stm32f1xx_hal_flash.o
UartDmaBuffer       0xa               Core/Src/main.o
SYSFREQ             0x4               Core/Src/main.o
OS_Tasks            0x24              Core/Src/OS_program.o

Discarded input sections

 .text          0x0000000000000000        0x0 d:/programs_setup_files/stm32cubeide_1.4.0/stm32cubeide/plugins/com.st.stm32cube.ide.mcu.externaltools.gnu-tools-for-stm32.7-2018-q2-update.win32_1.4.0.202007081208/tools/bin/../lib/gcc/arm-none-eabi/7.3.1/thumb/v7-m/crti.o
[...]
Memory Configuration

Name             Origin             Length             Attributes
RAM              0x0000000020000000 0x0000000000005000 xrw
FLASH            0x0000000008000000 0x0000000000020000 xr
*default*        0x0000000000000000 0xffffffffffffffff

Linker script and memory map

LOAD d:/programs_setup_files/stm32cubeide_1.4.0/stm32cubeide/plugins/com.st.stm32cube.ide.mcu.externaltools.gnu-tools-for-stm32.7-2018-q2-update.win32_1.4.0.202007081208/tools/bin/../lib/gcc/arm-none-eabi/7.3.1/thumb/v7-m/crti.o
LOAD d:/programs_setup_files/stm32cubeide_1.4.0/stm32cubeide/plugins/com.st.stm32cube.ide.mcu.externaltools.gnu-tools-for-stm32.7-2018-q2-update.win32_1.4.0.202007081208/tools/bin/../lib/gcc/arm-none-eabi/7.3.1/thumb/v7-m/crtbegin.o
LOAD d:/programs_setup_files/stm32cubeide_1.4.0/stm32cubeide/plugins/com.st.stm32cube.ide.mcu.externaltools.gnu-tools-for-stm32.7-2018-q2-update.win32_1.4.0.202007081208/tools/bin/../lib/gcc/arm-none-eabi/7.3.1/../../../../arm-none-eabi/lib/thumb/v7-m/crt0.o
LOAD Core/Src/DMA_program.o
LOAD Core/Src/EXTI_program.o
LOAD Core/Src/GPIO_program.o
LOAD Core/Src/NVIC_program.o
LOAD Core/Src/OS_program.o
LOAD Core/Src/RCC_program.o
LOAD Core/Src/SCB_program.o
LOAD Core/Src/SEVENSEG.o
LOAD Core/Src/SPI_program.o
LOAD Core/Src/SYSTICK_program.o
LOAD Core/Src/USART_program.o
LOAD Core/Src/main.o
LOAD Core/Src/stm32f1xx_hal_msp.o
LOAD Core/Src/stm32f1xx_it.o
LOAD Core/Src/syscalls.o
LOAD Core/Src/sysmem.o
LOAD Core/Src/system_stm32f1xx.o
LOAD Core/Startup/startup_stm32f103cbtx.o
LOAD Drivers/STM32F1xx_HAL_Driver/Src/stm32f1xx_hal.o
LOAD Drivers/STM32F1xx_HAL_Driver/Src/stm32f1xx_hal_cortex.o
LOAD Drivers/STM32F1xx_HAL_Driver/Src/stm32f1xx_hal_dma.o
LOAD Drivers/STM32F1xx_HAL_Driver/Src/stm32f1xx_hal_exti.o
LOAD Drivers/STM32F1xx_HAL_Driver/Src/stm32f1xx_hal_flash.o
LOAD Drivers/STM32F1xx_HAL_Driver/Src/stm32f1xx_hal_flash_ex.o
LOAD Drivers/STM32F1xx_HAL_Driver/Src/stm32f1xx_hal_gpio.o
LOAD Drivers/STM32F1xx_HAL_Driver/Src/stm32f1xx_hal_gpio_ex.o
LOAD Drivers/STM32F1xx_HAL_Driver/Src/stm32f1xx_hal_pwr.o
LOAD Drivers/STM32F1xx_HAL_Driver/Src/stm32f1xx_hal_rcc.o
LOAD Drivers/STM32F1xx_HAL_Driver/Src/stm32f1xx_hal_rcc_ex.o
LOAD Drivers/STM32F1xx_HAL_Driver/Src/stm32f1xx_hal_tim.o
LOAD Drivers/STM32F1xx_HAL_Driver/Src/stm32f1xx_hal_tim_ex.o
START GROUP
LOAD d:/programs_setup_files/stm32cubeide_1.4.0/stm32cubeide/plugins/com.st.stm32cube.ide.mcu.externaltools.gnu-tools-for-stm32.7-2018-q2-update.win32_1.4.0.202007081208/tools/bin/../lib/gcc/arm-none-eabi/7.3.1/../../../../arm-none-eabi/lib/thumb/v7-m\libc_nano.a
LOAD d:/programs_setup_files/stm32cubeide_1.4.0/stm32cubeide/plugins/com.st.stm32cube.ide.mcu.externaltools.gnu-tools-for-stm32.7-2018-q2-update.win32_1.4.0.202007081208/tools/bin/../lib/gcc/arm-none-eabi/7.3.1/../../../../arm-none-eabi/lib/thumb/v7-m\libm.a
END GROUP
START GROUP
LOAD d:/programs_setup_files/stm32cubeide_1.4.0/stm32cubeide/plugins/com.st.stm32cube.ide.mcu.externaltools.gnu-tools-for-stm32.7-2018-q2-update.win32_1.4.0.202007081208/tools/bin/../lib/gcc/arm-none-eabi/7.3.1/thumb/v7-m\libgcc.a
LOAD d:/programs_setup_files/stm32cubeide_1.4.0/stm32cubeide/plugins/com.st.stm32cube.ide.mcu.externaltools.gnu-tools-for-stm32.7-2018-q2-update.win32_1.4.0.202007081208/tools/bin/../lib/gcc/arm-none-eabi/7.3.1/../../../../arm-none-eabi/lib/thumb/v7-m\libc_nano.a
END GROUP
START GROUP
LOAD d:/programs_setup_files/stm32cubeide_1.4.0/stm32cubeide/plugins/com.st.stm32cube.ide.mcu.externaltools.gnu-tools-for-stm32.7-2018-q2-update.win32_1.4.0.202007081208/tools/bin/../lib/gcc/arm-none-eabi/7.3.1/thumb/v7-m\libgcc.a
LOAD d:/programs_setup_files/stm32cubeide_1.4.0/stm32cubeide/plugins/com.st.stm32cube.ide.mcu.externaltools.gnu-tools-for-stm32.7-2018-q2-update.win32_1.4.0.202007081208/tools/bin/../lib/gcc/arm-none-eabi/7.3.1/../../../../arm-none-eabi/lib/thumb/v7-m\libc_nano.a
LOAD d:/programs_setup_files/stm32cubeide_1.4.0/stm32cubeide/plugins/com.st.stm32cube.ide.mcu.externaltools.gnu-tools-for-stm32.7-2018-q2-update.win32_1.4.0.202007081208/tools/bin/../lib/gcc/arm-none-eabi/7.3.1/../../../../arm-none-eabi/lib/thumb/v7-m\libnosys.a
END GROUP
START GROUP
LOAD d:/programs_setup_files/stm32cubeide_1.4.0/stm32cubeide/plugins/com.st.stm32cube.ide.mcu.externaltools.gnu-tools-for-stm32.7-2018-q2-update.win32_1.4.0.202007081208/tools/bin/../lib/gcc/arm-none-eabi/7.3.1/thumb/v7-m\libgcc.a
LOAD d:/programs_setup_files/stm32cubeide_1.4.0/stm32cubeide/plugins/com.st.stm32cube.ide.mcu.externaltools.gnu-tools-for-stm32.7-2018-q2-update.win32_1.4.0.202007081208/tools/bin/../lib/gcc/arm-none-eabi/7.3.1/../../../../arm-none-eabi/lib/thumb/v7-m\libc_nano.a
LOAD d:/programs_setup_files/stm32cubeide_1.4.0/stm32cubeide/plugins/com.st.stm32cube.ide.mcu.externaltools.gnu-tools-for-stm32.7-2018-q2-update.win32_1.4.0.202007081208/tools/bin/../lib/gcc/arm-none-eabi/7.3.1/../../../../arm-none-eabi/lib/thumb/v7-m\libnosys.a
END GROUP
LOAD d:/programs_setup_files/stm32cubeide_1.4.0/stm32cubeide/plugins/com.st.stm32cube.ide.mcu.externaltools.gnu-tools-for-stm32.7-2018-q2-update.win32_1.4.0.202007081208/tools/bin/../lib/gcc/arm-none-eabi/7.3.1/thumb/v7-m/crtend.o
LOAD d:/programs_setup_files/stm32cubeide_1.4.0/stm32cubeide/plugins/com.st.stm32cube.ide.mcu.externaltools.gnu-tools-for-stm32.7-2018-q2-update.win32_1.4.0.202007081208/tools/bin/../lib/gcc/arm-none-eabi/7.3.1/thumb/v7-m/crtn.o
                0x0000000020005000                _estack = (ORIGIN (RAM) + LENGTH (RAM))
                0x0000000000000200                _Min_Heap_Size = 0x200
                0x0000000000000400                _Min_Stack_Size = 0x400

.isr_vector     0x0000000008000000      0x10c
                0x0000000008000000                . = ALIGN (0x4)
 *(.isr_vector)
 .isr_vector    0x0000000008000000      0x10c Core/Startup/startup_stm32f103cbtx.o
                0x0000000008000000                g_pfnVectors
                0x000000000800010c                . = ALIGN (0x4)

.text           0x000000000800010c      0x8d8
                0x000000000800010c                . = ALIGN (0x4)
 *(.text)
 .text          0x000000000800010c       0x40 d:/programs_setup_files/stm32cubeide_1.4.0/stm32cubeide/plugins/com.st.stm32cube.ide.mcu.externaltools.gnu-tools-for-stm32.7-2018-q2-update.win32_1.4.0.202007081208/tools/bin/../lib/gcc/arm-none-eabi/7.3.1/thumb/v7-m/crtbegin.o
 *(.text*)
 .text.DMA1_Channel5_IRQHandler
                0x000000000800014c       0x14 Core/Src/DMA_program.o
                0x000000000800014c                DMA1_Channel5_IRQHandler
 .text.GPIO_voidSetPinMode
                0x0000000008000160      0x194 Core/Src/GPIO_program.o
                0x0000000008000160                GPIO_voidSetPinMode
 .text.GPIO_voidSetPinValue
                0x00000000080002f4       0xd4 Core/Src/GPIO_program.o
                0x00000000080002f4                GPIO_voidSetPinValue
 .text.RCC_voidInit
                0x00000000080003c8       0xc8 Core/Src/RCC_program.o
                0x00000000080003c8                RCC_voidInit
 .text.RCC_voidPeripheralClockEnable
                0x0000000008000490       0x7c Core/Src/RCC_program.o
                0x0000000008000490                RCC_voidPeripheralClockEnable
 .text.RCC_u32GetSYSCLK
                0x000000000800050c       0x14 Core/Src/RCC_program.o
                0x000000000800050c                RCC_u32GetSYSCLK
 .text.SPI_Init
                0x0000000008000520      0x138 Core/Src/SPI_program.o
                0x0000000008000520                SPI_Init
 .text.SPI_handleDATAFrame
                0x0000000008000658       0x46 Core/Src/SPI_program.o
                0x0000000008000658                SPI_handleDATAFrame
 *fill*         0x000000000800069e        0x2 
 .text.STK_voidInit
                0x00000000080006a0       0x74 Core/Src/SYSTICK_program.o
                0x00000000080006a0                STK_voidInit
 .text.STK_voidSetPeriodicInterval
                0x0000000008000714       0x58 Core/Src/SYSTICK_program.o
                0x0000000008000714                STK_voidSetPeriodicInterval
 .text.SysTick_Handler
                0x000000000800076c       0x44 Core/Src/SYSTICK_program.o
                0x000000000800076c                SysTick_Handler
 .text.LED_PWM_RUN
                0x00000000080007b0       0x70 Core/Src/main.o
                0x00000000080007b0                LED_PWM_RUN
 .text.LED_PWM_INIT
                0x0000000008000820       0x48 Core/Src/main.o
                0x0000000008000820                LED_PWM_INIT
 .text.main     0x0000000008000868       0x7c Core/Src/main.o
                0x0000000008000868                main
 .text.NMI_Handler
                0x00000000080008e4        0xc Core/Src/stm32f1xx_it.o
                0x00000000080008e4                NMI_Handler
 .text.HardFault_Handler
                0x00000000080008f0        0x6 Core/Src/stm32f1xx_it.o
                0x00000000080008f0                HardFault_Handler
 .text.MemManage_Handler
                0x00000000080008f6        0x6 Core/Src/stm32f1xx_it.o
                0x00000000080008f6                MemManage_Handler
 .text.BusFault_Handler
                0x00000000080008fc        0x6 Core/Src/stm32f1xx_it.o
                0x00000000080008fc                BusFault_Handler
 .text.UsageFault_Handler
                0x0000000008000902        0x6 Core/Src/stm32f1xx_it.o
                0x0000000008000902                UsageFault_Handler
 .text.SVC_Handler
                0x0000000008000908        0xc Core/Src/stm32f1xx_it.o
                0x0000000008000908                SVC_Handler
 .text.DebugMon_Handler
                0x0000000008000914        0xc Core/Src/stm32f1xx_it.o
                0x0000000008000914                DebugMon_Handler
 .text.PendSV_Handler
                0x0000000008000920        0xc Core/Src/stm32f1xx_it.o
                0x0000000008000920                PendSV_Handler
 .text.SystemInit
                0x000000000800092c        0xc Core/Src/system_stm32f1xx.o
                0x000000000800092c                SystemInit
 .text.Reset_Handler
                0x0000000008000938       0x48 Core/Startup/startup_stm32f103cbtx.o
                0x0000000008000938                Reset_Handler
 .text.Default_Handler
                0x0000000008000980        0x2 Core/Startup/startup_stm32f103cbtx.o
                0x0000000008000980                RTC_Alarm_IRQHandler
                0x0000000008000980                EXTI2_IRQHandler
                0x0000000008000980                TIM1_CC_IRQHandler
                0x0000000008000980                PVD_IRQHandler
                0x0000000008000980                EXTI3_IRQHandler
                0x0000000008000980                EXTI0_IRQHandler
                0x0000000008000980                I2C2_EV_IRQHandler
                0x0000000008000980                ADC1_2_IRQHandler
                0x0000000008000980                SPI1_IRQHandler
                0x0000000008000980                TAMPER_IRQHandler
                0x0000000008000980                DMA1_Channel4_IRQHandler
                0x0000000008000980                USART3_IRQHandler
                0x0000000008000980                RTC_IRQHandler
                0x0000000008000980                DMA1_Channel7_IRQHandler
                0x0000000008000980                CAN1_RX1_IRQHandler
                0x0000000008000980                TIM4_IRQHandler
                0x0000000008000980                I2C1_EV_IRQHandler
                0x0000000008000980                DMA1_Channel6_IRQHandler
                0x0000000008000980                TIM3_IRQHandler
                0x0000000008000980                RCC_IRQHandler
                0x0000000008000980                TIM1_TRG_COM_IRQHandler
                0x0000000008000980                DMA1_Channel1_IRQHandler
                0x0000000008000980                Default_Handler
                0x0000000008000980                EXTI15_10_IRQHandler
                0x0000000008000980                EXTI9_5_IRQHandler
                0x0000000008000980                SPI2_IRQHandler
                0x0000000008000980                EXTI4_IRQHandler
                0x0000000008000980                USB_LP_CAN1_RX0_IRQHandler
                0x0000000008000980                USB_HP_CAN1_TX_IRQHandler
                0x0000000008000980                DMA1_Channel3_IRQHandler
                0x0000000008000980                TIM1_UP_IRQHandler
                0x0000000008000980                WWDG_IRQHandler
                0x0000000008000980                TIM2_IRQHandler
                0x0000000008000980                TIM1_BRK_IRQHandler
                0x0000000008000980                EXTI1_IRQHandler
                0x0000000008000980                USART2_IRQHandler
                0x0000000008000980                I2C2_ER_IRQHandler
                0x0000000008000980                DMA1_Channel2_IRQHandler
                0x0000000008000980                CAN1_SCE_IRQHandler
                0x0000000008000980                FLASH_IRQHandler
                0x0000000008000980                USART1_IRQHandler
                0x0000000008000980                I2C1_ER_IRQHandler
                0x0000000008000980                USBWakeUp_IRQHandler
 *fill*         0x0000000008000982        0x2 
 .text.__libc_init_array
                0x0000000008000984       0x48 d:/programs_setup_files/stm32cubeide_1.4.0/stm32cubeide/plugins/com.st.stm32cube.ide.mcu.externaltools.gnu-tools-for-stm32.7-2018-q2-update.win32_1.4.0.202007081208/tools/bin/../lib/gcc/arm-none-eabi/7.3.1/../../../../arm-none-eabi/lib/thumb/v7-m\libc_nano.a(lib_a-init.o)
                0x0000000008000984                __libc_init_array
 *(.glue_7)
 .glue_7        0x00000000080009cc        0x0 linker stubs
 *(.glue_7t)
 .glue_7t       0x00000000080009cc        0x0 linker stubs
 *(.eh_frame)
 .eh_frame      0x00000000080009cc        0x0 d:/programs_setup_files/stm32cubeide_1.4.0/stm32cubeide/plugins/com.st.stm32cube.ide.mcu.externaltools.gnu-tools-for-stm32.7-2018-q2-update.win32_1.4.0.202007081208/tools/bin/../lib/gcc/arm-none-eabi/7.3.1/thumb/v7-m/crtbegin.o
 *(.init)
 .init          0x00000000080009cc        0x4 d:/programs_setup_files/stm32cubeide_1.4.0/stm32cubeide/plugins/com.st.stm32cube.ide.mcu.externaltools.gnu-tools-for-stm32.7-2018-q2-update.win32_1.4.0.202007081208/tools/bin/../lib/gcc/arm-none-eabi/7.3.1/thumb/v7-m/crti.o
                0x00000000080009cc                _init
 .init          0x00000000080009d0        0x8 d:/programs_setup_files/stm32cubeide_1.4.0/stm32cubeide/plugins/com.st.stm32cube.ide.mcu.externaltools.gnu-tools-for-stm32.7-2018-q2-update.win32_1.4.0.202007081208/tools/bin/../lib/gcc/arm-none-eabi/7.3.1/thumb/v7-m/crtn.o
 *(.fini)
 .fini          0x00000000080009d8        0x4 d:/programs_setup_files/stm32cubeide_1.4.0/stm32cubeide/plugins/com.st.stm32cube.ide.mcu.externaltools.gnu-tools-for-stm32.7-2018-q2-update.win32_1.4.0.202007081208/tools/bin/../lib/gcc/arm-none-eabi/7.3.1/thumb/v7-m/crti.o
                0x00000000080009d8                _fini
 .fini          0x00000000080009dc        0x8 d:/programs_setup_files/stm32cubeide_1.4.0/stm32cubeide/plugins/com.st.stm32cube.ide.mcu.externaltools.gnu-tools-for-stm32.7-2018-q2-update.win32_1.4.0.202007081208/tools/bin/../lib/gcc/arm-none-eabi/7.3.1/thumb/v7-m/crtn.o
                0x00000000080009e4                . = ALIGN (0x4)
                0x00000000080009e4                _etext = .

.vfp11_veneer   0x00000000080009e4        0x0
 .vfp11_veneer  0x00000000080009e4        0x0 linker stubs

.v4_bx          0x00000000080009e4        0x0
 .v4_bx         0x00000000080009e4        0x0 linker stubs

.iplt           0x00000000080009e4        0x0
 .iplt          0x00000000080009e4        0x0 d:/programs_setup_files/stm32cubeide_1.4.0/stm32cubeide/plugins/com.st.stm32cube.ide.mcu.externaltools.gnu-tools-for-stm32.7-2018-q2-update.win32_1.4.0.202007081208/tools/bin/../lib/gcc/arm-none-eabi/7.3.1/thumb/v7-m/crtbegin.o

.rel.dyn        0x00000000080009e4        0x0
 .rel.iplt      0x00000000080009e4        0x0 d:/programs_setup_files/stm32cubeide_1.4.0/stm32cubeide/plugins/com.st.stm32cube.ide.mcu.externaltools.gnu-tools-for-stm32.7-2018-q2-update.win32_1.4.0.202007081208/tools/bin/../lib/gcc/arm-none-eabi/7.3.1/thumb/v7-m/crtbegin.o

.rodata         0x00000000080009e4        0x0
                0x00000000080009e4                . = ALIGN (0x4)
 *(.rodata)
 *(.rodata*)
                0x00000000080009e4                . = ALIGN (0x4)

.ARM.extab      0x00000000080009e4        0x0
                0x00000000080009e4                . = ALIGN (0x4)
 *(.ARM.extab* .gnu.linkonce.armextab.*)
                0x00000000080009e4                . = ALIGN (0x4)

.ARM            0x00000000080009e4        0x0
                0x00000000080009e4                . = ALIGN (0x4)
                0x00000000080009e4                __exidx_start = .
 *(.ARM.exidx*)
                0x00000000080009e4                __exidx_end = .
                0x00000000080009e4                . = ALIGN (0x4)

.preinit_array  0x00000000080009e4        0x0
                0x00000000080009e4                . = ALIGN (0x4)
                0x00000000080009e4                PROVIDE (__preinit_array_start = .)
 *(.preinit_array*)
                0x00000000080009e4                PROVIDE (__preinit_array_end = .)
                0x00000000080009e4                . = ALIGN (0x4)

.init_array     0x00000000080009e4        0x4
                0x00000000080009e4                . = ALIGN (0x4)
                0x00000000080009e4                PROVIDE (__init_array_start = .)
 *(SORT_BY_NAME(.init_array.*))
 *(.init_array*)
 .init_array    0x00000000080009e4        0x4 d:/programs_setup_files/stm32cubeide_1.4.0/stm32cubeide/plugins/com.st.stm32cube.ide.mcu.externaltools.gnu-tools-for-stm32.7-2018-q2-update.win32_1.4.0.202007081208/tools/bin/../lib/gcc/arm-none-eabi/7.3.1/thumb/v7-m/crtbegin.o
                0x00000000080009e8                PROVIDE (__init_array_end = .)
                0x00000000080009e8                . = ALIGN (0x4)

.fini_array     0x00000000080009e8        0x4
                0x00000000080009e8                . = ALIGN (0x4)
                [!provide]                        PROVIDE (__fini_array_start = .)
 *(SORT_BY_NAME(.fini_array.*))
 *(.fini_array*)
 .fini_array    0x00000000080009e8        0x4 d:/programs_setup_files/stm32cubeide_1.4.0/stm32cubeide/plugins/com.st.stm32cube.ide.mcu.externaltools.gnu-tools-for-stm32.7-2018-q2-update.win32_1.4.0.202007081208/tools/bin/../lib/gcc/arm-none-eabi/7.3.1/thumb/v7-m/crtbegin.o
                [!provide]                        PROVIDE (__fini_array_end = .)
                0x00000000080009ec                . = ALIGN (0x4)
                0x00000000080009ec                _sidata = LOADADDR (.data)

.data           0x0000000020000000       0x1c load address 0x00000000080009ec
                0x0000000020000000                . = ALIGN (0x4)
                0x0000000020000000                _sdata = .
 *(.data)
 *(.data*)
 .data.OnTime   0x0000000020000000        0x4 Core/Src/main.o
                0x0000000020000000                OnTime
 .data.OffTime  0x0000000020000004        0x4 Core/Src/main.o
                0x0000000020000004                OffTime
 .data.SPI1APP  0x0000000020000008       0x14 Core/Src/main.o
                0x0000000020000008                SPI1APP
                0x000000002000001c                . = ALIGN (0x4)
                0x000000002000001c                _edata = .

.igot.plt       0x000000002000001c        0x0 load address 0x0000000008000a08
 .igot.plt      0x000000002000001c        0x0 d:/programs_setup_files/stm32cubeide_1.4.0/stm32cubeide/plugins/com.st.stm32cube.ide.mcu.externaltools.gnu-tools-for-stm32.7-2018-q2-update.win32_1.4.0.202007081208/tools/bin/../lib/gcc/arm-none-eabi/7.3.1/thumb/v7-m/crtbegin.o
                0x000000002000001c                . = ALIGN (0x4)

.bss            0x0000000020000020       0x50 load address 0x0000000008000a08
                0x0000000020000020                _sbss = .
                0x0000000020000020                __bss_start__ = _sbss
 *(.bss)
 .bss           0x0000000020000020       0x1c d:/programs_setup_files/stm32cubeide_1.4.0/stm32cubeide/plugins/com.st.stm32cube.ide.mcu.externaltools.gnu-tools-for-stm32.7-2018-q2-update.win32_1.4.0.202007081208/tools/bin/../lib/gcc/arm-none-eabi/7.3.1/thumb/v7-m/crtbegin.o
 *(.bss*)
 .bss.CallBack  0x000000002000003c        0x4 Core/Src/SYSTICK_program.o
                0x000000002000003c                CallBack
 .bss.IntervalState
                0x0000000020000040        0x1 Core/Src/SYSTICK_program.o
                0x0000000020000040                IntervalState
 *fill*         0x0000000020000041        0x3 
 .bss.MAX_TIME_STK_us
                0x0000000020000044        0x4 Core/Src/SYSTICK_program.o
 .bss.STK_FREQ  0x0000000020000048        0x4 Core/Src/main.o
                0x0000000020000048                STK_FREQ
 *fill*         0x000000002000004c        0x4 
 .bss.STK_COUNTS
                0x0000000020000050        0x8 Core/Src/main.o
                0x0000000020000050                STK_COUNTS
 *(COMMON)
 COMMON         0x0000000020000058        0x8 Core/Src/DMA_program.o
                0x0000000020000058                DMA_CallBackChannel3
                0x000000002000005c                DMA_CallBackChannel5
 COMMON         0x0000000020000060       0x10 Core/Src/main.o
                0x0000000020000060                UartDmaBuffer
                0x000000002000006c                SYSFREQ
                0x0000000020000070                . = ALIGN (0x4)
                0x0000000020000070                _ebss = .
                0x0000000020000070                __bss_end__ = _ebss

._user_heap_stack
                0x0000000020000070      0x600 load address 0x0000000008000a08
                0x0000000020000070                . = ALIGN (0x8)
                [!provide]                        PROVIDE (end = .)
                0x0000000020000070                PROVIDE (_end = .)
                0x0000000020000270                . = (. + _Min_Heap_Size)
 *fill*         0x0000000020000070      0x200 
                0x0000000020000670                . = (. + _Min_Stack_Size)
 *fill*         0x0000000020000270      0x400 
                0x0000000020000670                . = ALIGN (0x8)

/DISCARD/
 libc.a(*)
 libm.a(*)
 libgcc.a(*)

.ARM.attributes
                0x0000000000000000       0x29
 *(.ARM.attributes)
 .ARM.attributes
                0x0000000000000000       0x1d d:/programs_setup_files/stm32cubeide_1.4.0/stm32cubeide/plugins/com.st.stm32cube.ide.mcu.externaltools.gnu-tools-for-stm32.7-2018-q2-update.win32_1.4.0.202007081208/tools/bin/../lib/gcc/arm-none-eabi/7.3.1/thumb/v7-m/crti.o
 .ARM.attributes
                0x000000000000001d       0x2d d:/programs_setup_files/stm32cubeide_1.4.0/stm32cubeide/plugins/com.st.stm32cube.ide.mcu.externaltools.gnu-tools-for-stm32.7-2018-q2-update.win32_1.4.0.202007081208/tools/bin/../lib/gcc/arm-none-eabi/7.3.1/thumb/v7-m/crtbegin.o
 .ARM.attributes
                0x000000000000004a       0x33 Core/Src/DMA_program.o
 .ARM.attributes
                0x000000000000007d       0x33 Core/Src/GPIO_program.o
 .ARM.attributes
                0x00000000000000b0       0x33 Core/Src/RCC_program.o
 .ARM.attributes
                0x00000000000000e3       0x33 Core/Src/SPI_program.o
 .ARM.attributes
                0x0000000000000116       0x33 Core/Src/SYSTICK_program.o
 .ARM.attributes
                0x0000000000000149       0x33 Core/Src/main.o
 .ARM.attributes
                0x000000000000017c       0x33 Core/Src/stm32f1xx_it.o
 .ARM.attributes
                0x00000000000001af       0x33 Core/Src/system_stm32f1xx.o
 .ARM.attributes
                0x00000000000001e2       0x21 Core/Startup/startup_stm32f103cbtx.o
 .ARM.attributes
                0x0000000000000203       0x2d d:/programs_setup_files/stm32cubeide_1.4.0/stm32cubeide/plugins/com.st.stm32cube.ide.mcu.externaltools.gnu-tools-for-stm32.7-2018-q2-update.win32_1.4.0.202007081208/tools/bin/../lib/gcc/arm-none-eabi/7.3.1/../../../../arm-none-eabi/lib/thumb/v7-m\libc_nano.a(lib_a-init.o)
 .ARM.attributes
                0x0000000000000230       0x1d d:/programs_setup_files/stm32cubeide_1.4.0/stm32cubeide/plugins/com.st.stm32cube.ide.mcu.externaltools.gnu-tools-for-stm32.7-2018-q2-update.win32_1.4.0.202007081208/tools/bin/../lib/gcc/arm-none-eabi/7.3.1/thumb/v7-m/crtn.o
OUTPUT(STM32f103c8t-TestCodes.elf elf32-littlearm)

.debug_info     0x0000000000000000     0x20d5
 .debug_info    0x0000000000000000      0x4a8 Core/Src/DMA_program.o
 .debug_info    0x00000000000004a8      0x22d Core/Src/GPIO_program.o
 .debug_info    0x00000000000006d5      0x340 Core/Src/RCC_program.o
 .debug_info    0x0000000000000a15      0x5e4 Core/Src/SPI_program.o
 .debug_info    0x0000000000000ff9      0x292 Core/Src/SYSTICK_program.o
 .debug_info    0x000000000000128b      0x984 Core/Src/main.o
 .debug_info    0x0000000000001c0f      0x20a Core/Src/stm32f1xx_it.o
 .debug_info    0x0000000000001e19      0x29a Core/Src/system_stm32f1xx.o
 .debug_info    0x00000000000020b3       0x22 Core/Startup/startup_stm32f103cbtx.o

.debug_abbrev   0x0000000000000000      0x8e8
 .debug_abbrev  0x0000000000000000      0x138 Core/Src/DMA_program.o
 .debug_abbrev  0x0000000000000138      0x122 Core/Src/GPIO_program.o
 .debug_abbrev  0x000000000000025a       0xbc Core/Src/RCC_program.o
 .debug_abbrev  0x0000000000000316       0xee Core/Src/SPI_program.o
 .debug_abbrev  0x0000000000000404      0x16e Core/Src/SYSTICK_program.o
 .debug_abbrev  0x0000000000000572      0x16a Core/Src/main.o
 .debug_abbrev  0x00000000000006dc       0xc6 Core/Src/stm32f1xx_it.o
 .debug_abbrev  0x00000000000007a2      0x134 Core/Src/system_stm32f1xx.o
 .debug_abbrev  0x00000000000008d6       0x12 Core/Startup/startup_stm32f103cbtx.o

.debug_aranges  0x0000000000000000      0x2a8
 .debug_aranges
                0x0000000000000000       0xa8 Core/Src/DMA_program.o
 .debug_aranges
                0x00000000000000a8       0x38 Core/Src/GPIO_program.o
 .debug_aranges
                0x00000000000000e0       0x38 Core/Src/RCC_program.o
 .debug_aranges
                0x0000000000000118       0x28 Core/Src/SPI_program.o
 .debug_aranges
                0x0000000000000140       0x68 Core/Src/SYSTICK_program.o
 .debug_aranges
                0x00000000000001a8       0x50 Core/Src/main.o
 .debug_aranges
                0x00000000000001f8       0x60 Core/Src/stm32f1xx_it.o
 .debug_aranges
                0x0000000000000258       0x28 Core/Src/system_stm32f1xx.o
 .debug_aranges
                0x0000000000000280       0x28 Core/Startup/startup_stm32f103cbtx.o

.debug_ranges   0x0000000000000000      0x220
 .debug_ranges  0x0000000000000000       0x98 Core/Src/DMA_program.o
 .debug_ranges  0x0000000000000098       0x28 Core/Src/GPIO_program.o
 .debug_ranges  0x00000000000000c0       0x28 Core/Src/RCC_program.o
 .debug_ranges  0x00000000000000e8       0x18 Core/Src/SPI_program.o
 .debug_ranges  0x0000000000000100       0x58 Core/Src/SYSTICK_program.o
 .debug_ranges  0x0000000000000158       0x40 Core/Src/main.o
 .debug_ranges  0x0000000000000198       0x50 Core/Src/stm32f1xx_it.o
 .debug_ranges  0x00000000000001e8       0x18 Core/Src/system_stm32f1xx.o
 .debug_ranges  0x0000000000000200       0x20 Core/Startup/startup_stm32f103cbtx.o

.debug_macro    0x0000000000000000     0x123a
 .debug_macro   0x0000000000000000       0x41 Core/Src/DMA_program.o
 .debug_macro   0x0000000000000041      0xa5a Core/Src/DMA_program.o
 .debug_macro   0x0000000000000a9b       0x10 Core/Src/DMA_program.o
 .debug_macro   0x0000000000000aab       0x34 Core/Src/DMA_program.o
 .debug_macro   0x0000000000000adf       0x4a Core/Src/GPIO_program.o
 .debug_macro   0x0000000000000b29       0x88 Core/Src/GPIO_program.o
 .debug_macro   0x0000000000000bb1       0x22 Core/Src/GPIO_program.o
 .debug_macro   0x0000000000000bd3       0x3f Core/Src/RCC_program.o
 .debug_macro   0x0000000000000c12       0x6a Core/Src/RCC_program.o
 .debug_macro   0x0000000000000c7c       0x4c Core/Src/RCC_program.o
 .debug_macro   0x0000000000000cc8       0x4e Core/Src/SPI_program.o
 .debug_macro   0x0000000000000d16       0x16 Core/Src/SPI_program.o
 .debug_macro   0x0000000000000d2c       0x16 Core/Src/SPI_program.o
 .debug_macro   0x0000000000000d42       0x8e Core/Src/SPI_program.o
 .debug_macro   0x0000000000000dd0       0x53 Core/Src/SYSTICK_program.o
 .debug_macro   0x0000000000000e23       0x22 Core/Src/SYSTICK_program.o
 .debug_macro   0x0000000000000e45       0xd9 Core/Src/main.o
 .debug_macro   0x0000000000000f1e      0x198 Core/Src/stm32f1xx_it.o
 .debug_macro   0x00000000000010b6      0x184 Core/Src/system_stm32f1xx.o

.debug_line     0x0000000000000000     0x175c
 .debug_line    0x0000000000000000      0x1cb Core/Src/DMA_program.o
 .debug_line    0x00000000000001cb      0x125 Core/Src/GPIO_program.o
 .debug_line    0x00000000000002f0       0xf4 Core/Src/RCC_program.o
 .debug_line    0x00000000000003e4       0xee Core/Src/SPI_program.o
 .debug_line    0x00000000000004d2      0x1b4 Core/Src/SYSTICK_program.o
 .debug_line    0x0000000000000686      0x239 Core/Src/main.o
 .debug_line    0x00000000000008bf      0x749 Core/Src/stm32f1xx_it.o
 .debug_line    0x0000000000001008      0x6cd Core/Src/system_stm32f1xx.o
 .debug_line    0x00000000000016d5       0x87 Core/Startup/startup_stm32f103cbtx.o

.debug_str      0x0000000000000000    0x7c5df
 .debug_str     0x0000000000000000     0x31fc Core/Src/DMA_program.o
                                       0x3248 (size before relaxing)
 .debug_str     0x00000000000031fc      0x4b4 Core/Src/GPIO_program.o
                                       0x33a6 (size before relaxing)
 .debug_str     0x00000000000036b0      0x8b1 Core/Src/RCC_program.o
                                       0x37a3 (size before relaxing)
 .debug_str     0x0000000000003f61      0x375 Core/Src/SPI_program.o
                                       0x39bc (size before relaxing)
 .debug_str     0x00000000000042d6      0x28a Core/Src/SYSTICK_program.o
                                       0x3450 (size before relaxing)
 .debug_str     0x0000000000004560      0x3f0 Core/Src/main.o
                                       0x3f99 (size before relaxing)
 .debug_str     0x0000000000004950    0x77bcd Core/Src/stm32f1xx_it.o
                                      0x7abcb (size before relaxing)
 .debug_str     0x000000000007c51d       0x8c Core/Src/system_stm32f1xx.o
                                      0x7ab9b (size before relaxing)
 .debug_str     0x000000000007c5a9       0x36 Core/Startup/startup_stm32f103cbtx.o
                                         0x78 (size before relaxing)

.comment        0x0000000000000000       0x7b
 .comment       0x0000000000000000       0x7b Core/Src/DMA_program.o
                                         0x7c (size before relaxing)
 .comment       0x000000000000007b       0x7c Core/Src/GPIO_program.o
 .comment       0x000000000000007b       0x7c Core/Src/RCC_program.o
 .comment       0x000000000000007b       0x7c Core/Src/SPI_program.o
 .comment       0x000000000000007b       0x7c Core/Src/SYSTICK_program.o
 .comment       0x000000000000007b       0x7c Core/Src/main.o
 .comment       0x000000000000007b       0x7c Core/Src/stm32f1xx_it.o
 .comment       0x000000000000007b       0x7c Core/Src/system_stm32f1xx.o

.debug_frame    0x0000000000000000      0x86c
 .debug_frame   0x0000000000000000      0x2d4 Core/Src/DMA_program.o
 .debug_frame   0x00000000000002d4       0xac Core/Src/GPIO_program.o
 .debug_frame   0x0000000000000380       0xa0 Core/Src/RCC_program.o
 .debug_frame   0x0000000000000420       0x5c Core/Src/SPI_program.o
 .debug_frame   0x000000000000047c      0x178 Core/Src/SYSTICK_program.o
 .debug_frame   0x00000000000005f4       0xe8 Core/Src/main.o
 .debug_frame   0x00000000000006dc      0x10c Core/Src/stm32f1xx_it.o
 .debug_frame   0x00000000000007e8       0x58 Core/Src/system_stm32f1xx.o
 .debug_frame   0x0000000000000840       0x2c d:/programs_setup_files/stm32cubeide_1.4.0/stm32cubeide/plugins/com.st.stm32cube.ide.mcu.externaltools.gnu-tools-for-stm32.7-2018-q2-update.win32_1.4.0.202007081208/tools/bin/../lib/gcc/arm-none-eabi/7.3.1/../../../../arm-none-eabi/lib/thumb/v7-m\libc_nano.a(lib_a-init.o)
