DMA_program.c:14:6:DMA_RESRTREG	16	static
DMA_program.c:18:6:DMA_SetMemoryAddr	16	static
DMA_program.c:22:6:DMA_SetPeripheralAddr	16	static
DMA_program.c:29:6:DMA_ConfigTotalNumberData	16	static
DMA_program.c:32:6:DMA_ConfigMemorySize	16	static
DMA_program.c:35:6:DMA_ConfigPeripheralSize	16	static
DMA_program.c:38:6:DMA_ConfigPriority	16	static
DMA_program.c:42:6:DMA_EnableMEMInc	16	static
DMA_program.c:46:6:DMA_EnablePerphInc	16	static
DMA_program.c:50:6:DMA_ConfigDataTransDirection	16	static
DMA_program.c:67:6:DMA_EnableHalfTxInterrupt	16	static
DMA_program.c:71:6:DMA_EnableEndTxInterrupt	16	static
DMA_program.c:76:6:DMA_Enablechannel	16	static
DMA_program.c:79:6:DMA_Disablechannel	16	static
DMA_program.c:83:4:DMA_GetFlag	16	static
DMA_program.c:86:6:DMA_CLRFlag	16	static
DMA_program.c:91:6:DMA_SetCallBackChannel5	16	static
DMA_program.c:97:6:DMA1_Channel5_IRQHandler	8	static
